// Jest Snapshot v1, https://goo.gl/fbAQLP

exports[`AboutView.vue matches snapshot 1`] = `""`;
